PHPUnit 13.1.7 by Sebastian Bergmann and contributors.

Runtime:       PHP 8.4.20
Configuration: /app/phpunit.xml

...............................[14:37:28] app.WARNING: [CircuitBreaker] Circuito 'test-service' abierto. {"failures":5,"previous_state":"CLOSED"} 
..[14:37:28] app.INFO: [CircuitBreaker] Sonda exitosa, circuito 'test-service' cerrado.  
.[14:37:28] app.INFO: [CircuitBreaker] Sonda exitosa, circuito 'test-service' cerrado.  
.[14:37:28] app.WARNING: [CircuitBreaker] Circuito 'test-service' abierto. {"failures":1,"previous_state":"HALF_OPEN"} 
..........................   61 / 1605 (  3%)
.....[14:37:28] app.WARNING: [Csrf::validate] mismatch - extracted=invali...19 session=dc4801...64 request=N/A  
.[14:37:28] app.WARNING: [Csrf::validate] mismatch - extracted=some-t...10 session=aabb1a...64 request=N/A  
.[14:37:28] app.WARNING: [Csrf::validate] mismatch - extracted=<empty> session=c8e080...64 request=N/A  
..[14:37:28] app.WARNING: [Csrf::validate] mismatch - extracted=1f5d6d...64 session=3d0b1b...64 request=N/A  
..............{"message":"Config clave faltante","context":{"type":"App\\Exceptions\\ConfigurationException","code":0,"config_key":null,"http_code":500,"request":{"method":"CLI","uri":"N/A","ip":"N/A"},"context":"Test","exception_class":"App\\Exceptions\\ConfigurationException","file":"ExceptionLoggerTest.php","line":92},"level":500,"level_name":"CRITICAL","channel":"app","datetime":"2026-04-22T14:37:28.948656+02:00","extra":{}}
.{"message":"Config clave faltante","context":{"type":"App\\Exceptions\\ConfigurationException","code":0,"config_key":null,"http_code":500,"request":{"method":"CLI","uri":"N/A","ip":"N/A"},"context":"Test","exception_class":"App\\Exceptions\\ConfigurationException","file":"ExceptionLoggerTest.php","line":107},"level":500,"level_name":"CRITICAL","channel":"app","datetime":"2026-04-22T14:37:28.949097+02:00","extra":{}}
{"message":"[TelegramService] Bot token or chat ID not configured, skipping notification","context":{},"level":300,"level_name":"WARNING","channel":"app","datetime":"2026-04-22T14:37:28.954580+02:00","extra":{}}
.{"message":"Datos inv├ílidos","context":{"type":"App\\Exceptions\\ValidationException","code":0,"errors":{"campo":"requerido"},"http_code":422,"request":{"method":"CLI","uri":"N/A","ip":"N/A"},"context":"Test","exception_class":"App\\Exceptions\\ValidationException","file":"ExceptionLoggerTest.php","line":123},"level":200,"level_name":"INFO","channel":"app","datetime":"2026-04-22T14:37:28.958756+02:00","extra":{}}
....................................  122 / 1605 (  7%)
.....{"message":"[Middleware::can] Acceso denegado","context":{"permission":"admin.users.delete","roles":["user"]},"level":400,"level_name":"ERROR","channel":"app","datetime":"2026-04-22T14:37:29.068232+02:00","extra":{}}
....{"message":"[Middleware::can] Acceso denegado","context":{"permission":"reservation.create","roles":["user"]},"level":400,"level_name":"ERROR","channel":"app","datetime":"2026-04-22T14:37:29.076506+02:00","extra":{}}
.{"message":"[Queue] Job reencolado para reintento","context":{"job":"App\\Jobs\\SendEmailJob","attempts":3,"delay":6},"level":200,"level_name":"INFO","channel":"app","datetime":"2026-04-22T14:37:29.079812+02:00","extra":{}}
{"message":"[Queue] Job reencolado para reintento","context":{"job":"App\\Jobs\\SendEmailJob","attempts":3,"delay":3},"level":200,"level_name":"INFO","channel":"app","datetime":"2026-04-22T14:37:29.079849+02:00","extra":{}}
{"message":"[Queue] Job reencolado para reintento","context":{"job":"App\\Jobs\\SendEmailJob","attempts":3,"delay":3},"level":200,"level_name":"INFO","channel":"app","datetime":"2026-04-22T14:37:29.079859+02:00","extra":{}}
{"message":"[Queue] Job reencolado para reintento","context":{"job":"App\\Jobs\\SendEmailJob","attempts":3,"delay":6},"level":200,"level_name":"INFO","channel":"app","datetime":"2026-04-22T14:37:29.079864+02:00","extra":{}}
{"message":"[Queue] Job reencolado para reintento","context":{"job":"App\\Jobs\\SendEmailJob","attempts":3,"delay":0},"level":200,"level_name":"INFO","channel":"app","datetime":"2026-04-22T14:37:29.079868+02:00","extra":{}}
{"message":"[Queue] Job reencolado para reintento","context":{"job":"App\\Jobs\\SendEmailJob","attempts":3,"delay":1},"level":200,"level_name":"INFO","channel":"app","datetime":"2026-04-22T14:37:29.079872+02:00","extra":{}}
{"message":"[Queue] Job reencolado para reintento","context":{"job":"App\\Jobs\\SendEmailJob","attempts":3,"delay":8},"level":200,"level_name":"INFO","channel":"app","datetime":"2026-04-22T14:37:29.079887+02:00","extra":{}}
{"message":"[Queue] Job reencolado para reintento","context":{"job":"App\\Jobs\\SendEmailJob","attempts":3,"delay":1},"level":200,"level_name":"INFO","channel":"app","datetime":"2026-04-22T14:37:29.079895+02:00","extra":{}}
{"message":"[Queue] Job reencolado para reintento","context":{"job":"App\\Jobs\\SendEmailJob","attempts":3,"delay":8},"level":200,"level_name":"INFO","channel":"app","datetime":"2026-04-22T14:37:29.079901+02:00","extra":{}}
{"message":"[Queue] Job reencolado para reintento","context":{"job":"App\\Jobs\\SendEmailJob","attempts":3,"delay":1},"level":200,"level_name":"INFO","channel":"app","datetime":"2026-04-22T14:37:29.079917+02:00","extra":{}}
{"message":"[Queue] Job reencolado para reintento","context":{"job":"App\\Jobs\\SendEmailJob","attempts":3,"delay":8},"level":200,"level_name":"INFO","channel":"app","datetime":"2026-04-22T14:37:29.079925+02:00","extra":{}}
{"message":"[Queue] Job reencolado para reintento","context":{"job":"App\\Jobs\\SendEmailJob","attempts":3,"delay":8},"level":200,"level_name":"INFO","channel":"app","datetime":"2026-04-22T14:37:29.079930+02:00","extra":{}}
{"message":"[Queue] Job reencolado para reintento","context":{"job":"App\\Jobs\\SendEmailJob","attempts":3,"delay":2},"level":200,"level_name":"INFO","channel":"app","datetime":"2026-04-22T14:37:29.079934+02:00","extra":{}}
{"message":"[Queue] Job reencolado para reintento","context":{"job":"App\\Jobs\\SendEmailJob","attempts":3,"delay":8},"level":200,"level_name":"INFO","channel":"app","datetime":"2026-04-22T14:37:29.079938+02:00","extra":{}}
{"message":"[Queue] Job reencolado para reintento","context":{"job":"App\\Jobs\\SendEmailJob","attempts":3,"delay":1},"level":200,"level_name":"INFO","channel":"app","datetime":"2026-04-22T14:37:29.079942+02:00","extra":{}}
{"message":"[Queue] Job reencolado para reintento","context":{"job":"App\\Jobs\\SendEmailJob","attempts":3,"delay":7},"level":200,"level_name":"INFO","channel":"app","datetime":"2026-04-22T14:37:29.079946+02:00","extra":{}}
{"message":"[Queue] Job reencolado para reintento","context":{"job":"App\\Jobs\\SendEmailJob","attempts":3,"delay":4},"level":200,"level_name":"INFO","channel":"app","datetime":"2026-04-22T14:37:29.079953+02:00","extra":{}}
{"message":"[Queue] Job reencolado para reintento","context":{"job":"App\\Jobs\\SendEmailJob","attempts":3,"delay":0},"level":200,"level_name":"INFO","channel":"app","datetime":"2026-04-22T14:37:29.079968+02:00","extra":{}}
{"message":"[Queue] Job reencolado para reintento","context":{"job":"App\\Jobs\\SendEmailJob","attempts":3,"delay":4},"level":200,"level_name":"INFO","channel":"app","datetime":"2026-04-22T14:37:29.079985+02:00","extra":{}}
{"message":"[Queue] Job reencolado para reintento","context":{"job":"App\\Jobs\\SendEmailJob","attempts":3,"delay":7},"level":200,"level_name":"INFO","channel":"app","datetime":"2026-04-22T14:37:29.079993+02:00","extra":{}}
{"message":"[Queue] Job reencolado para reintento","context":{"job":"App\\Jobs\\SendEmailJob","attempts":3,"delay":3},"level":200,"level_name":"INFO","channel":"app","datetime":"2026-04-22T14:37:29.079997+02:00","extra":{}}
{"message":"[Queue] Job reencolado para reintento","context":{"job":"App\\Jobs\\SendEmailJob","attempts":3,"delay":3},"level":200,"level_name":"INFO","channel":"app","datetime":"2026-04-22T14:37:29.080001+02:00","extra":{}}
{"message":"[Queue] Job reencolado para reintento","context":{"job":"App\\Jobs\\SendEmailJob","attempts":3,"delay":3},"level":200,"level_name":"INFO","channel":"app","datetime":"2026-04-22T14:37:29.080005+02:00","extra":{}}
{"message":"[Queue] Job reencolado para reintento","context":{"job":"App\\Jobs\\SendEmailJob","attempts":3,"delay":6},"level":200,"level_name":"INFO","channel":"app","datetime":"2026-04-22T14:37:29.080019+02:00","extra":{}}
{"message":"[Queue] Job reencolado para reintento","context":{"job":"App\\Jobs\\SendEmailJob","attempts":3,"delay":6},"level":200,"level_name":"INFO","channel":"app","datetime":"2026-04-22T14:37:29.080028+02:00","extra":{}}
{"message":"[Queue] Job reencolado para reintento","context":{"job":"App\\Jobs\\SendEmailJob","attempts":3,"delay":5},"level":200,"level_name":"INFO","channel":"app","datetime":"2026-04-22T14:37:29.080035+02:00","extra":{}}
{"message":"[Queue] Job reencolado para reintento","context":{"job":"App\\Jobs\\SendEmailJob","attempts":3,"delay":7},"level":200,"level_name":"INFO","channel":"app","datetime":"2026-04-22T14:37:29.080041+02:00","extra":{}}
{"message":"[Queue] Job reencolado para reintento","context":{"job":"App\\Jobs\\SendEmailJob","attempts":3,"delay":3},"level":200,"level_name":"INFO","channel":"app","datetime":"2026-04-22T14:37:29.080045+02:00","extra":{}}
{"message":"[Queue] Job reencolado para reintento","context":{"job":"App\\Jobs\\SendEmailJob","attempts":3,"delay":6},"level":200,"level_name":"INFO","channel":"app","datetime":"2026-04-22T14:37:29.080049+02:00","extra":{}}
{"message":"[Queue] Job reencolado para reintento","context":{"job":"App\\Jobs\\SendEmailJob","attempts":3,"delay":8},"level":200,"level_name":"INFO","channel":"app","datetime":"2026-04-22T14:37:29.080052+02:00","extra":{}}
{"message":"[Queue] Job reencolado para reintento","context":{"job":"App\\Jobs\\SendEmailJob","attempts":3,"delay":5},"level":200,"level_name":"INFO","channel":"app","datetime":"2026-04-22T14:37:29.080056+02:00","extra":{}}
{"message":"[Queue] Job reencolado para reintento","context":{"job":"App\\Jobs\\SendEmailJob","attempts":3,"delay":0},"level":200,"level_name":"INFO","channel":"app","datetime":"2026-04-22T14:37:29.080060+02:00","extra":{}}
{"message":"[Queue] Job reencolado para reintento","context":{"job":"App\\Jobs\\SendEmailJob","attempts":3,"delay":5},"level":200,"level_name":"INFO","channel":"app","datetime":"2026-04-22T14:37:29.080064+02:00","extra":{}}
{"message":"[Queue] Job reencolado para reintento","context":{"job":"App\\Jobs\\SendEmailJob","attempts":3,"delay":4},"level":200,"level_name":"INFO","channel":"app","datetime":"2026-04-22T14:37:29.080068+02:00","extra":{}}
{"message":"[Queue] Job reencolado para reintento","context":{"job":"App\\Jobs\\SendEmailJob","attempts":3,"delay":4},"level":200,"level_name":"INFO","channel":"app","datetime":"2026-04-22T14:37:29.080072+02:00","extra":{}}
{"message":"[Queue] Job reencolado para reintento","context":{"job":"App\\Jobs\\SendEmailJob","attempts":3,"delay":4},"level":200,"level_name":"INFO","channel":"app","datetime":"2026-04-22T14:37:29.080075+02:00","extra":{}}
{"message":"[Queue] Job reencolado para reintento","context":{"job":"App\\Jobs\\SendEmailJob","attempts":3,"delay":8},"level":200,"level_name":"INFO","channel":"app","datetime":"2026-04-22T14:37:29.080079+02:00","extra":{}}
{"message":"[Queue] Job reencolado para reintento","context":{"job":"App\\Jobs\\SendEmailJob","attempts":3,"delay":0},"level":200,"level_name":"INFO","channel":"app","datetime":"2026-04-22T14:37:29.080083+02:00","extra":{}}
{"message":"[Queue] Job reencolado para reintento","context":{"job":"App\\Jobs\\SendEmailJob","attempts":3,"delay":7},"level":200,"level_name":"INFO","channel":"app","datetime":"2026-04-22T14:37:29.080087+02:00","extra":{}}
{"message":"[Queue] Job reencolado para reintento","context":{"job":"App\\Jobs\\SendEmailJob","attempts":3,"delay":0},"level":200,"level_name":"INFO","channel":"app","datetime":"2026-04-22T14:37:29.080091+02:00","extra":{}}
{"message":"[Queue] Job reencolado para reintento","context":{"job":"App\\Jobs\\SendEmailJob","attempts":3,"delay":4},"level":200,"level_name":"INFO","channel":"app","datetime":"2026-04-22T14:37:29.080095+02:00","extra":{}}
{"message":"[Queue] Job reencolado para reintento","context":{"job":"App\\Jobs\\SendEmailJob","attempts":3,"delay":6},"level":200,"level_name":"INFO","channel":"app","datetime":"2026-04-22T14:37:29.080099+02:00","extra":{}}
{"message":"[Queue] Job reencolado para reintento","context":{"job":"App\\Jobs\\SendEmailJob","attempts":3,"delay":2},"level":200,"level_name":"INFO","channel":"app","datetime":"2026-04-22T14:37:29.080105+02:00","extra":{}}
{"message":"[Queue] Job reencolado para reintento","context":{"job":"App\\Jobs\\SendEmailJob","attempts":3,"delay":3},"level":200,"level_name":"INFO","channel":"app","datetime":"2026-04-22T14:37:29.080110+02:00","extra":{}}
{"message":"[Queue] Job reencolado para reintento","context":{"job":"App\\Jobs\\SendEmailJob","attempts":3,"delay":2},"level":200,"level_name":"INFO","channel":"app","datetime":"2026-04-22T14:37:29.080114+02:00","extra":{}}
{"message":"[Queue] Job reencolado para reintento","context":{"job":"App\\Jobs\\SendEmailJob","attempts":3,"delay":6},"level":200,"level_name":"INFO","channel":"app","datetime":"2026-04-22T14:37:29.080120+02:00","extra":{}}
{"message":"[Queue] Job reencolado para reintento","context":{"job":"App\\Jobs\\SendEmailJob","attempts":3,"delay":2},"level":200,"level_name":"INFO","channel":"app","datetime":"2026-04-22T14:37:29.080124+02:00","extra":{}}
{"message":"[Queue] Job reencolado para reintento","context":{"job":"App\\Jobs\\SendEmailJob","attempts":3,"delay":5},"level":200,"level_name":"INFO","channel":"app","datetime":"2026-04-22T14:37:29.080130+02:00","extra":{}}
{"message":"[Queue] Job reencolado para reintento","context":{"job":"App\\Jobs\\SendEmailJob","attempts":3,"delay":0},"level":200,"level_name":"INFO","channel":"app","datetime":"2026-04-22T14:37:29.080134+02:00","extra":{}}
{"message":"[Queue] Job reencolado para reintento","context":{"job":"App\\Jobs\\SendEmailJob","attempts":3,"delay":4},"level":200,"level_name":"INFO","channel":"app","datetime":"2026-04-22T14:37:29.080138+02:00","extra":{}}
[33;1mD[0m{"message":"[Queue] Job reencolado para reintento","context":{"job":"App\\Jobs\\SendEmailJob","attempts":10,"delay":13},"level":200,"level_name":"INFO","channel":"app","datetime":"2026-04-22T14:37:29.080977+02:00","extra":{}}
{"message":"[Queue] Job reencolado para reintento","context":{"job":"App\\Jobs\\SendEmailJob","attempts":10,"delay":35},"level":200,"level_name":"INFO","channel":"app","datetime":"2026-04-22T14:37:29.081009+02:00","extra":{}}
{"message":"[Queue] Job reencolado para reintento","context":{"job":"App\\Jobs\\SendEmailJob","attempts":10,"delay":211},"level":200,"level_name":"INFO","channel":"app","datetime":"2026-04-22T14:37:29.081017+02:00","extra":{}}
{"message":"[Queue] Job reencolado para reintento","context":{"job":"App\\Jobs\\SendEmailJob","attempts":10,"delay":196},"level":200,"level_name":"INFO","channel":"app","datetime":"2026-04-22T14:37:29.081022+02:00","extra":{}}
{"message":"[Queue] Job reencolado para reintento","context":{"job":"App\\Jobs\\SendEmailJob","attempts":10,"delay":64},"level":200,"level_name":"INFO","channel":"app","datetime":"2026-04-22T14:37:29.081026+02:00","extra":{}}
{"message":"[Queue] Job reencolado para reintento","context":{"job":"App\\Jobs\\SendEmailJob","attempts":10,"delay":162},"level":200,"level_name":"INFO","channel":"app","datetime":"2026-04-22T14:37:29.081031+02:00","extra":{}}
{"message":"[Queue] Job reencolado para reintento","context":{"job":"App\\Jobs\\SendEmailJob","attempts":10,"delay":100},"level":200,"level_name":"INFO","channel":"app","datetime":"2026-04-22T14:37:29.081034+02:00","extra":{}}
{"message":"[Queue] Job reencolado para reintento","context":{"job":"App\\Jobs\\SendEmailJob","attempts":10,"delay":95},"level":200,"level_name":"INFO","channel":"app","datetime":"2026-04-22T14:37:29.081049+02:00","extra":{}}
{"message":"[Queue] Job reencolado para reintento","context":{"job":"App\\Jobs\\SendEmailJob","attempts":10,"delay":196},"level":200,"level_name":"INFO","channel":"app","datetime":"2026-04-22T14:37:29.081058+02:00","extra":{}}
{"message":"[Queue] Job reencolado para reintento","context":{"job":"App\\Jobs\\SendEmailJob","attempts":10,"delay":131},"level":200,"level_name":"INFO","channel":"app","datetime":"2026-04-22T14:37:29.081073+02:00","extra":{}}
{"message":"[Queue] Job reencolado para reintento","context":{"job":"App\\Jobs\\SendEmailJob","attempts":10,"delay":237},"level":200,"level_name":"INFO","channel":"app","datetime":"2026-04-22T14:37:29.081081+02:00","extra":{}}
{"message":"[Queue] Job reencolado para reintento","context":{"job":"App\\Jobs\\SendEmailJob","attempts":10,"delay":49},"level":200,"level_name":"INFO","channel":"app","datetime":"2026-04-22T14:37:29.081086+02:00","extra":{}}
{"message":"[Queue] Job reencolado para reintento","context":{"job":"App\\Jobs\\SendEmailJob","attempts":10,"delay":47},"level":200,"level_name":"INFO","channel":"app","datetime":"2026-04-22T14:37:29.081090+02:00","extra":{}}
{"message":"[Queue] Job reencolado para reintento","context":{"job":"App\\Jobs\\SendEmailJob","attempts":10,"delay":215},"level":200,"level_name":"INFO","channel":"app","datetime":"2026-04-22T14:37:29.081094+02:00","extra":{}}
{"message":"[Queue] Job reencolado para reintento","context":{"job":"App\\Jobs\\SendEmailJob","attempts":10,"delay":114},"level":200,"level_name":"INFO","channel":"app","datetime":"2026-04-22T14:37:29.081098+02:00","extra":{}}
{"message":"[Queue] Job reencolado para reintento","context":{"job":"App\\Jobs\\SendEmailJob","attempts":10,"delay":47},"level":200,"level_name":"INFO","channel":"app","datetime":"2026-04-22T14:37:29.081114+02:00","extra":{}}
{"message":"[Queue] Job reencolado para reintento","context":{"job":"App\\Jobs\\SendEmailJob","attempts":10,"delay":97},"level":200,"level_name":"INFO","channel":"app","datetime":"2026-04-22T14:37:29.081123+02:00","extra":{}}
{"message":"[Queue] Job reencolado para reintento","context":{"job":"App\\Jobs\\SendEmailJob","attempts":10,"delay":150},"level":200,"level_name":"INFO","channel":"app","datetime":"2026-04-22T14:37:29.081132+02:00","extra":{}}
{"message":"[Queue] Job reencolado para reintento","context":{"job":"App\\Jobs\\SendEmailJob","attempts":10,"delay":85},"level":200,"level_name":"INFO","channel":"app","datetime":"2026-04-22T14:37:29.081147+02:00","extra":{}}
{"message":"[Queue] Job reencolado para reintento","context":{"job":"App\\Jobs\\SendEmailJob","attempts":10,"delay":237},"level":200,"level_name":"INFO","channel":"app","datetime":"2026-04-22T14:37:29.081157+02:00","extra":{}}
{"message":"[Queue] Job reencolado para reintento","context":{"job":"App\\Jobs\\SendEmailJob","attempts":10,"delay":45},"level":200,"level_name":"INFO","channel":"app","datetime":"2026-04-22T14:37:29.081173+02:00","extra":{}}
{"message":"[Queue] Job reencolado para reintento","context":{"job":"App\\Jobs\\SendEmailJob","attempts":10,"delay":121},"level":200,"level_name":"INFO","channel":"app","datetime":"2026-04-22T14:37:29.081190+02:00","extra":{}}
{"message":"[Queue] Job reencolado para reintento","context":{"job":"App\\Jobs\\SendEmailJob","attempts":10,"delay":4},"level":200,"level_name":"INFO","channel":"app","datetime":"2026-04-22T14:37:29.081208+02:00","extra":{}}
{"message":"[Queue] Job reencolado para reintento","context":{"job":"App\\Jobs\\SendEmailJob","attempts":10,"delay":85},"level":200,"level_name":"INFO","channel":"app","datetime":"2026-04-22T14:37:29.081216+02:00","extra":{}}
{"message":"[Queue] Job reencolado para reintento","context":{"job":"App\\Jobs\\SendEmailJob","attempts":10,"delay":50},"level":200,"level_name":"INFO","channel":"app","datetime":"2026-04-22T14:37:29.081220+02:00","extra":{}}
{"message":"[Queue] Job reencolado para reintento","context":{"job":"App\\Jobs\\SendEmailJob","attempts":10,"delay":140},"level":200,"level_name":"INFO","channel":"app","datetime":"2026-04-22T14:37:29.081224+02:00","extra":{}}
{"message":"[Queue] Job reencolado para reintento","context":{"job":"App\\Jobs\\SendEmailJob","attempts":10,"delay":35},"level":200,"level_name":"INFO","channel":"app","datetime":"2026-04-22T14:37:29.081228+02:00","extra":{}}
{"message":"[Queue] Job reencolado para reintento","context":{"job":"App\\Jobs\\SendEmailJob","attempts":10,"delay":79},"level":200,"level_name":"INFO","channel":"app","datetime":"2026-04-22T14:37:29.081242+02:00","extra":{}}
{"message":"[Queue] Job reencolado para reintento","context":{"job":"App\\Jobs\\SendEmailJob","attempts":10,"delay":147},"level":200,"level_name":"INFO","channel":"app","datetime":"2026-04-22T14:37:29.081258+02:00","extra":{}}
{"message":"[Queue] Job reencolado para reintento","context":{"job":"App\\Jobs\\SendEmailJob","attempts":10,"delay":6},"level":200,"level_name":"INFO","channel":"app","datetime":"2026-04-22T14:37:29.081266+02:00","extra":{}}
{"message":"[Queue] Job reencolado para reintento","context":{"job":"App\\Jobs\\SendEmailJob","attempts":10,"delay":288},"level":200,"level_name":"INFO","channel":"app","datetime":"2026-04-22T14:37:29.081270+02:00","extra":{}}
{"message":"[Queue] Job reencolado para reintento","context":{"job":"App\\Jobs\\SendEmailJob","attempts":10,"delay":242},"level":200,"level_name":"INFO","channel":"app","datetime":"2026-04-22T14:37:29.081290+02:00","extra":{}}
{"message":"[Queue] Job reencolado para reintento","context":{"job":"App\\Jobs\\SendEmailJob","attempts":10,"delay":262},"level":200,"level_name":"INFO","channel":"app","datetime":"2026-04-22T14:37:29.081330+02:00","extra":{}}
{"message":"[Queue] Job reencolado para reintento","context":{"job":"App\\Jobs\\SendEmailJob","attempts":10,"delay":281},"level":200,"level_name":"INFO","channel":"app","datetime":"2026-04-22T14:37:29.081341+02:00","extra":{}}
{"message":"[Queue] Job reencolado para reintento","context":{"job":"App\\Jobs\\SendEmailJob","attempts":10,"delay":20},"level":200,"level_name":"INFO","channel":"app","datetime":"2026-04-22T14:37:29.081346+02:00","extra":{}}
{"message":"[Queue] Job reencolado para reintento","context":{"job":"App\\Jobs\\SendEmailJob","attempts":10,"delay":50},"level":200,"level_name":"INFO","channel":"app","datetime":"2026-04-22T14:37:29.081351+02:00","extra":{}}
{"message":"[Queue] Job reencolado para reintento","context":{"job":"App\\Jobs\\SendEmailJob","attempts":10,"delay":297},"level":200,"level_name":"INFO","channel":"app","datetime":"2026-04-22T14:37:29.081376+02:00","extra":{}}
{"message":"[Queue] Job reencolado para reintento","context":{"job":"App\\Jobs\\SendEmailJob","attempts":10,"delay":170},"level":200,"level_name":"INFO","channel":"app","datetime":"2026-04-22T14:37:29.081385+02:00","extra":{}}
{"message":"[Queue] Job reencolado para reintento","context":{"job":"App\\Jobs\\SendEmailJob","attempts":10,"delay":37},"level":200,"level_name":"INFO","channel":"app","datetime":"2026-04-22T14:37:29.081390+02:00","extra":{}}
{"message":"[Queue] Job reencolado para reintento","context":{"job":"App\\Jobs\\SendEmailJob","attempts":10,"delay":102},"level":200,"level_name":"INFO","channel":"app","datetime":"2026-04-22T14:37:29.081394+02:00","extra":{}}
{"message":"[Queue] Job reencolado para reintento","context":{"job":"App\\Jobs\\SendEmailJob","attempts":10,"delay":139},"level":200,"level_name":"INFO","channel":"app","datetime":"2026-04-22T14:37:29.081398+02:00","extra":{}}
{"message":"[Queue] Job reencolado para reintento","context":{"job":"App\\Jobs\\SendEmailJob","attempts":10,"delay":49},"level":200,"level_name":"INFO","channel":"app","datetime":"2026-04-22T14:37:29.081402+02:00","extra":{}}
{"message":"[Queue] Job reencolado para reintento","context":{"job":"App\\Jobs\\SendEmailJob","attempts":10,"delay":215},"level":200,"level_name":"INFO","channel":"app","datetime":"2026-04-22T14:37:29.081410+02:00","extra":{}}
{"message":"[Queue] Job reencolado para reintento","context":{"job":"App\\Jobs\\SendEmailJob","attempts":10,"delay":48},"level":200,"level_name":"INFO","channel":"app","datetime":"2026-04-22T14:37:29.081415+02:00","extra":{}}
{"message":"[Queue] Job reencolado para reintento","context":{"job":"App\\Jobs\\SendEmailJob","attempts":10,"delay":272},"level":200,"level_name":"INFO","channel":"app","datetime":"2026-04-22T14:37:29.081429+02:00","extra":{}}
{"message":"[Queue] Job reencolado para reintento","context":{"job":"App\\Jobs\\SendEmailJob","attempts":10,"delay":1},"level":200,"level_name":"INFO","channel":"app","datetime":"2026-04-22T14:37:29.081446+02:00","extra":{}}
{"message":"[Queue] Job reencolado para reintento","context":{"job":"App\\Jobs\\SendEmailJob","attempts":10,"delay":263},"level":200,"level_name":"INFO","channel":"app","datetime":"2026-04-22T14:37:29.081454+02:00","extra":{}}
{"message":"[Queue] Job reencolado para reintento","context":{"job":"App\\Jobs\\SendEmailJob","attempts":10,"delay":114},"level":200,"level_name":"INFO","channel":"app","datetime":"2026-04-22T14:37:29.081459+02:00","extra":{}}
{"message":"[Queue] Job reencolado para reintento","context":{"job":"App\\Jobs\\SendEmailJob","attempts":10,"delay":134},"level":200,"level_name":"INFO","channel":"app","datetime":"2026-04-22T14:37:29.081462+02:00","extra":{}}
{"message":"[Queue] Job reencolado para reintento","context":{"job":"App\\Jobs\\SendEmailJob","attempts":10,"delay":276},"level":200,"level_name":"INFO","channel":"app","datetime":"2026-04-22T14:37:29.081466+02:00","extra":{}}
[33;1mD[0m{"message":"[Queue] Job alcanz├│ m├íximo de reintentos","context":{"job":"App\\Jobs\\SendEmailJob","attempts":10,"max_attempts":10},"level":300,"level_name":"WARNING","channel":"app","datetime":"2026-04-22T14:37:29.081971+02:00","extra":{}}
{"message":"[Queue] Job movido a dead-letter stream","context":{"job":"App\\Jobs\\SendEmailJob","queue":"default"},"level":400,"level_name":"ERROR","channel":"app","datetime":"2026-04-22T14:37:29.082006+02:00","extra":{}}
[33;1mD[0m{"message":"[Queue] Cola limpiada","context":{"queue":"test_queue_phpunit"},"level":300,"level_name":"WARNING","channel":"app","datetime":"2026-04-22T14:37:29.082556+02:00","extra":{}}
{"message":"[Queue] Job a├▒adido a la cola","context":{"job":"App\\Jobs\\SendEmailJob","queue":"test_queue_phpunit","delay":null},"level":200,"level_name":"INFO","channel":"app","datetime":"2026-04-22T14:37:29.082743+02:00","extra":{}}
{"message":"[Queue] Cola limpiada","context":{"queue":"test_queue_phpunit"},"level":300,"level_name":"WARNING","channel":"app","datetime":"2026-04-22T14:37:29.083037+02:00","extra":{}}
.{"message":"[Queue] Cola limpiada","context":{"queue":"test_queue_phpunit"},"level":300,"level_name":"WARNING","channel":"app","datetime":"2026-04-22T14:37:29.083367+02:00","extra":{}}
{"message":"[Queue] Job a├▒adido a la cola","context":{"job":"App\\Jobs\\SendEmailJob","queue":"test_queue_phpunit","delay":null},"level":200,"level_name":"INFO","channel":"app","datetime":"2026-04-22T14:37:29.083537+02:00","extra":{}}
{"message":"[Queue] Cola limpiada","context":{"queue":"test_queue_phpunit"},"level":300,"level_name":"WARNING","channel":"app","datetime":"2026-04-22T14:37:34.101076+02:00","extra":{}}
.{"message":"[Queue] Cola limpiada","context":{"queue":"test_queue_phpunit"},"level":300,"level_name":"WARNING","channel":"app","datetime":"2026-04-22T14:37:34.101527+02:00","extra":{}}
{"message":"[Queue] Cola limpiada","context":{"queue":"test_queue_phpunit"},"level":300,"level_name":"WARNING","channel":"app","datetime":"2026-04-22T14:37:39.110937+02:00","extra":{}}
.{"message":"[Queue] Cola limpiada","context":{"queue":"test_queue_phpunit"},"level":300,"level_name":"WARNING","channel":"app","datetime":"2026-04-22T14:37:39.111343+02:00","extra":{}}
{"message":"[Queue] Job a├▒adido a la cola","context":{"job":"App\\Jobs\\SendEmailJob","queue":"test_queue_phpunit","delay":null},"level":200,"level_name":"INFO","channel":"app","datetime":"2026-04-22T14:37:39.111683+02:00","extra":{}}
{"message":"[Queue] Job a├▒adido a la cola","context":{"job":"App\\Jobs\\SendEmailJob","queue":"test_queue_phpunit","delay":null},"level":200,"level_name":"INFO","channel":"app","datetime":"2026-04-22T14:37:39.112027+02:00","extra":{}}
{"message":"[Queue] Cola limpiada","context":{"queue":"test_queue_phpunit"},"level":300,"level_name":"WARNING","channel":"app","datetime":"2026-04-22T14:37:39.112357+02:00","extra":{}}
.{"message":"[Queue] Cola limpiada","context":{"queue":"test_queue_phpunit"},"level":300,"level_name":"WARNING","channel":"app","datetime":"2026-04-22T14:37:39.112758+02:00","extra":{}}
{"message":"[Queue] Job a├▒adido a la cola","context":{"job":"App\\Jobs\\SendEmailJob","queue":"test_queue_phpunit","delay":null},"level":200,"level_name":"INFO","channel":"app","datetime":"2026-04-22T14:37:39.112923+02:00","extra":{}}
{"message":"[Queue] Job a├▒adido a la cola","context":{"job":"App\\Jobs\\SendEmailJob","queue":"test_queue_phpunit","delay":null},"level":200,"level_name":"INFO","channel":"app","datetime":"2026-04-22T14:37:39.113054+02:00","extra":{}}
{"message":"[Queue] Cola limpiada","context":{"queue":"test_queue_phpunit"},"level":300,"level_name":"WARNING","channel":"app","datetime":"2026-04-22T14:37:39.113346+02:00","extra":{}}
{"message":"[Queue] Cola limpiada","context":{"queue":"test_queue_phpunit"},"level":300,"level_name":"WARNING","channel":"app","datetime":"2026-04-22T14:37:39.113841+02:00","extra":{}}
.{"message":"[Queue] Cola limpiada","context":{"queue":"test_queue_phpunit"},"level":300,"level_name":"WARNING","channel":"app","datetime":"2026-04-22T14:37:39.114300+02:00","extra":{}}
{"message":"[Queue] Job reencolado para reintento","context":{"job":"App\\Jobs\\SendEmailJob","attempts":1,"delay":2},"level":200,"level_name":"INFO","channel":"app","datetime":"2026-04-22T14:37:39.114490+02:00","extra":{}}
{"message":"[Queue] Cola limpiada","context":{"queue":"test_queue_phpunit"},"level":300,"level_name":"WARNING","channel":"app","datetime":"2026-04-22T14:37:39.114781+02:00","extra":{}}
.{"message":"[Queue] Cola limpiada","context":{"queue":"test_queue_phpunit"},"level":300,"level_name":"WARNING","channel":"app","datetime":"2026-04-22T14:37:39.115125+02:00","extra":{}}
{"message":"[Queue] Job alcanz├│ m├íximo de reintentos","context":{"job":"App\\Jobs\\SendEmailJob","attempts":3,"max_attempts":3},"level":300,"level_name":"WARNING","channel":"app","datetime":"2026-04-22T14:37:39.115216+02:00","extra":{}}
{"message":"[Queue] Job movido a dead-letter stream","context":{"job":"App\\Jobs\\SendEmailJob","queue":"test_queue_phpunit"},"level":400,"level_name":"ERROR","channel":"app","datetime":"2026-04-22T14:37:39.115329+02:00","extra":{}}
{"message":"[Queue] Cola limpiada","context":{"queue":"test_queue_phpunit"},"level":300,"level_name":"WARNING","channel":"app","datetime":"2026-04-22T14:37:39.115574+02:00","extra":{}}
.....................................{"message":"[ConcreteTransactionalService] Transaction failed","context":{"exception":"DB error"},"level":400,"level_name":"ERROR","channel":"app","datetime":"2026-04-22T14:37:39.152153+02:00","extra":{}}
.....  183 / 1605 ( 11%)
.............................................................  244 / 1605 ( 15%)
.....................................{"message":"[Csrf::validate] mismatch - extracted=<empty> session=8f4c18...64 request=N/A","context":{},"level":300,"level_name":"WARNING","channel":"app","datetime":"2026-04-22T14:37:39.233468+02:00","extra":{}}
.{"message":"[Csrf::validate] mismatch - extracted=<empty> session=6425f6...64 request=N/A","context":{},"level":300,"level_name":"WARNING","channel":"app","datetime":"2026-04-22T14:37:39.233891+02:00","extra":{}}
.{"message":"[Csrf::validate] mismatch - extracted=<empty> session=0b70f1...64 request=N/A","context":{},"level":300,"level_name":"WARNING","channel":"app","datetime":"2026-04-22T14:37:39.234178+02:00","extra":{}}
......{"message":"[Csrf::validate] mismatch - extracted=<empty> session=ec5830...64 request=N/A","context":{},"level":300,"level_name":"WARNING","channel":"app","datetime":"2026-04-22T14:37:39.261073+02:00","extra":{}}
.{"message":"[Csrf::validate] mismatch - extracted=<empty> session=cad5cf...64 request=N/A","context":{},"level":300,"level_name":"WARNING","channel":"app","datetime":"2026-04-22T14:37:39.261441+02:00","extra":{}}
.......{"message":"[Csrf::validate] mismatch - extracted=<empty> session=6daf99...64 request=N/A","context":{},"level":300,"level_name":"WARNING","channel":"app","datetime":"2026-04-22T14:37:39.313180+02:00","extra":{}}
.{"message":"[Csrf::validate] mismatch - extracted=<empty> session=a6beb0...64 request=N/A","context":{},"level":300,"level_name":"WARNING","channel":"app","datetime":"2026-04-22T14:37:39.313538+02:00","extra":{}}
....{"message":"[Csrf::validate] mismatch - extracted=<empty> session=5956a1...64 request=N/A","context":{},"level":300,"level_name":"WARNING","channel":"app","datetime":"2026-04-22T14:37:39.326735+02:00","extra":{}}
.{"message":"[Csrf::validate] mismatch - extracted=<empty> session=898c97...64 request=N/A","context":{},"level":300,"level_name":"WARNING","channel":"app","datetime":"2026-04-22T14:37:39.327096+02:00","extra":{}}
..  305 / 1605 ( 19%)
{"message":"[Csrf::validate] mismatch - extracted=<empty> session=de4612...64 request=N/A","context":{},"level":300,"level_name":"WARNING","channel":"app","datetime":"2026-04-22T14:37:39.335318+02:00","extra":{}}
.{"message":"[Csrf::validate] mismatch - extracted=<empty> session=66bfba...64 request=N/A","context":{},"level":300,"level_name":"WARNING","channel":"app","datetime":"2026-04-22T14:37:39.335689+02:00","extra":{}}
............................................................  366 / 1605 ( 22%)
...............{"message":"[Csrf::validate] mismatch - extracted=invali...13 session=test-i...22 request=N/A","context":{},"level":300,"level_name":"WARNING","channel":"app","datetime":"2026-04-22T14:37:39.618648+02:00","extra":{}}
....{"message":"[Csrf::validate] mismatch - extracted=bad-to...9 session=test-i...22 request=N/A","context":{},"level":300,"level_name":"WARNING","channel":"app","datetime":"2026-04-22T14:37:39.627580+02:00","extra":{}}
................................{"message":"[Csrf::validate] mismatch - extracted=wrong_...11 session=real_t...10 request=/manager/reviews","context":{},"level":300,"level_name":"WARNING","channel":"app","datetime":"2026-04-22T14:37:39.766706+02:00","extra":{}}
...{"message":"[Csrf::validate] mismatch - extracted=tamper...14 session=real_t...10 request=/manager/reviews","context":{},"level":300,"level_name":"WARNING","channel":"app","datetime":"2026-04-22T14:37:39.767515+02:00","extra":{}}
.......  427 / 1605 ( 26%)
.......................{"message":"[SupervisorController] dashboard loaded","context":{"cafe_id":0,"reservations":0,"active_tables":0,"active_orders":0},"level":200,"level_name":"INFO","channel":"app","datetime":"2026-04-22T14:37:39.847907+02:00","extra":{}}
.{"message":"[SupervisorController] dashboard loaded","context":{"cafe_id":3,"reservations":0,"active_tables":0,"active_orders":0},"level":200,"level_name":"INFO","channel":"app","datetime":"2026-04-22T14:37:39.862631+02:00","extra":{}}
.{"message":"[SupervisorController] dashboard loaded","context":{"cafe_id":7,"reservations":1,"active_tables":0,"active_orders":0},"level":200,"level_name":"INFO","channel":"app","datetime":"2026-04-22T14:37:39.868853+02:00","extra":{}}
.{"message":"[SupervisorController] dashboard loaded","context":{"cafe_id":7,"reservations":1,"active_tables":0,"active_orders":0},"level":200,"level_name":"INFO","channel":"app","datetime":"2026-04-22T14:37:39.874930+02:00","extra":{}}
...................................  488 / 1605 ( 30%)
.{"message":"boom","context":{"type":"RuntimeException","code":0,"request":{"method":"CLI","uri":"/supervisor/dashboard","ip":"N/A"},"context":"SYSTEM","exception_class":"RuntimeException","file":"ErrorHandlerMiddlewareTest.php","line":57},"level":400,"level_name":"ERROR","channel":"app","datetime":"2026-04-22T14:37:39.935994+02:00","extra":{}}
.{"message":"boom","context":{"type":"RuntimeException","code":0,"request":{"method":"CLI","uri":"/supervisor/dashboard","ip":"N/A"},"context":"SYSTEM","exception_class":"RuntimeException","file":"ErrorHandlerMiddlewareTest.php","line":80},"level":400,"level_name":"ERROR","channel":"app","datetime":"2026-04-22T14:37:39.936240+02:00","extra":{}}
.{"message":"boom","context":{"type":"RuntimeException","code":0,"request":{"method":"CLI","uri":"/supervisor/dashboard","ip":"N/A"},"context":"SYSTEM","exception_class":"RuntimeException","file":"ErrorHandlerMiddlewareTest.php","line":94},"level":400,"level_name":"ERROR","channel":"app","datetime":"2026-04-22T14:37:39.936491+02:00","extra":{}}
.{"message":"boom","context":{"type":"RuntimeException","code":0,"request":{"method":"CLI","uri":"/supervisor/dashboard","ip":"N/A"},"context":"SYSTEM","exception_class":"RuntimeException","file":"ErrorHandlerMiddlewareTest.php","line":108},"level":400,"level_name":"ERROR","channel":"app","datetime":"2026-04-22T14:37:39.936735+02:00","extra":{}}
............{"message":"canonical","context":{"request_id":"e3e102ddae17366d","timestamp":"2026-04-22T14:37:39.951+02:00","method":"GET","path":"/test","ip":"N/A","user_agent":null,"status":200,"outcome":"success","duration_ms":0,"cache":{"hits":11,"misses":15}},"level":200,"level_name":"INFO","channel":"http","datetime":"2026-04-22T14:37:39.951663+02:00","extra":{"request_id":"e3e102ddae17366d","method":"GET","path":"/test"}}
.{"message":"canonical","context":{"request_id":"d9c27219eb4f46ee","timestamp":"2026-04-22T14:37:39.952+02:00","method":"POST","path":"/api/users","ip":"N/A","user_agent":null,"status":200,"outcome":"success","duration_ms":0},"level":200,"level_name":"INFO","channel":"http","datetime":"2026-04-22T14:37:39.952276+02:00","extra":{"request_id":"d9c27219eb4f46ee","method":"POST","path":"/api/users"}}
.{"message":"canonical","context":{"request_id":"b0934468d69d7baf","timestamp":"2026-04-22T14:37:39.952+02:00","method":"DELETE","path":"/api/cafes/5","ip":"N/A","user_agent":null,"status":200,"outcome":"success","duration_ms":0},"level":200,"level_name":"INFO","channel":"http","datetime":"2026-04-22T14:37:39.952834+02:00","extra":{"request_id":"b0934468d69d7baf","method":"DELETE","path":"/api/cafes/5"}}
.{"message":"canonical","context":{"request_id":"13f92f14d012714f","timestamp":"2026-04-22T14:37:39.953+02:00","method":"GET","path":"/test","ip":"N/A","user_agent":null,"status":200,"outcome":"success","duration_ms":0},"level":200,"level_name":"INFO","channel":"http","datetime":"2026-04-22T14:37:39.953454+02:00","extra":{"request_id":"13f92f14d012714f","method":"GET","path":"/test"}}
.{"message":"canonical","context":{"request_id":"8dcd5e49e20e9da3","timestamp":"2026-04-22T14:37:39.953+02:00","method":"GET","path":"/test","ip":"N/A","user_agent":null,"status":200,"outcome":"success","duration_ms":0},"level":200,"level_name":"INFO","channel":"http","datetime":"2026-04-22T14:37:39.953894+02:00","extra":{"request_id":"8dcd5e49e20e9da3","method":"GET","path":"/test"}}
.{"message":"canonical","context":{"request_id":"1be223fb985f7731","timestamp":"2026-04-22T14:37:39.954+02:00","method":"GET","path":"/test","ip":"N/A","user_agent":null,"status":201,"outcome":"success","duration_ms":0},"level":200,"level_name":"INFO","channel":"http","datetime":"2026-04-22T14:37:39.954473+02:00","extra":{"request_id":"1be223fb985f7731","method":"GET","path":"/test"}}
.{"message":"canonical","context":{"request_id":"90ad607d18df8f18","timestamp":"2026-04-22T14:37:39.954+02:00","method":"GET","path":"/test","ip":"N/A","user_agent":null,"status":200,"outcome":"success","duration_ms":0},"level":200,"level_name":"INFO","channel":"http","datetime":"2026-04-22T14:37:39.954767+02:00","extra":{"request_id":"90ad607d18df8f18","method":"GET","path":"/test"}}
.{"message":"canonical","context":{"request_id":"cf293aa8b4fd51c0","timestamp":"2026-04-22T14:37:39.955+02:00","method":"GET","path":"/test","ip":"N/A","user_agent":null,"reservation":{"id":99,"cafe_id":3},"status":200,"outcome":"success","duration_ms":0},"level":200,"level_name":"INFO","channel":"http","datetime":"2026-04-22T14:37:39.955049+02:00","extra":{"request_id":"cf293aa8b4fd51c0","method":"GET","path":"/test"}}
..{"message":"canonical","context":{"request_id":"5f25582a75047869","timestamp":"2026-04-22T14:37:39.955+02:00","method":"POST","path":"/login","ip":"N/A","user_agent":null,"status":200,"outcome":"success","duration_ms":0},"level":200,"level_name":"INFO","channel":"http","datetime":"2026-04-22T14:37:39.955472+02:00","extra":{"request_id":"5f25582a75047869","method":"POST","path":"/login"}}
.{"message":"canonical","context":{"request_id":"2514c953c41cbfb4","timestamp":"2026-04-22T14:37:39.955+02:00","method":"POST","path":"/api/data","ip":"N/A","user_agent":null,"status":400,"outcome":"error","duration_ms":0},"level":200,"level_name":"INFO","channel":"http","datetime":"2026-04-22T14:37:39.955758+02:00","extra":{"request_id":"2514c953c41cbfb4","method":"POST","path":"/api/data"}}
..........................{"message":"[SendTelegramNotificationJob] Error sending Telegram notification","context":{"exception":"timeout"},"level":400,"level_name":"ERROR","channel":"app","datetime":"2026-04-22T14:37:39.965023+02:00","extra":{}}
.{"message":"[WaitlistPromotionJob] Entrada waitlist no encontrada","context":{"waitlist_entry_id":9999},"level":300,"level_name":"WARNING","channel":"app","datetime":"2026-04-22T14:37:39.967940+02:00","extra":{}}
.{"message":"[WaitlistPromotionJob] Token expirado, cancelando env├¡o","context":{"waitlist_id":1,"expires_at":"2026-04-22 13:37:39"},"level":300,"level_name":"WARNING","channel":"app","datetime":"2026-04-22T14:37:39.968418+02:00","extra":{}}
.{"message":"[WaitlistPromotionJob] Token expirado, cancelando env├¡o","context":{"waitlist_id":1,"expires_at":"2026-04-22 13:37:39"},"level":300,"level_name":"WARNING","channel":"app","datetime":"2026-04-22T14:37:39.968977+02:00","extra":{}}
.{"message":"[User] Nuevo usuario registrado","context":{"user_id":1,"email":"test@example.com","name":"Test User"},"level":200,"level_name":"INFO","channel":"app","datetime":"2026-04-22T14:37:39.972105+02:00","extra":{}}
.....  549 / 1605 ( 34%)
....{"message":"[AuthorizationMiddleware] Permiso denegado","context":{"user_id":10,"permission":"cafe.edit","roles":["user"]},"level":300,"level_name":"WARNING","channel":"app","datetime":"2026-04-22T14:37:39.978850+02:00","extra":{}}
.{"message":"[AuthorizationMiddleware] Permiso denegado","context":{"user_id":10,"permission":"cafe.edit","roles":["user"]},"level":300,"level_name":"WARNING","channel":"app","datetime":"2026-04-22T14:37:39.979329+02:00","extra":{}}
..{"message":"[AuthorizationMiddleware] Permiso denegado","context":{"user_id":5,"permission":"cafe.edit","roles":["staff"]},"level":300,"level_name":"WARNING","channel":"app","datetime":"2026-04-22T14:37:39.980486+02:00","extra":{}}
......................................................  610 / 1605 ( 38%)
.............................................................  671 / 1605 ( 41%)
.............................................................  732 / 1605 ( 45%)
.............................................................  793 / 1605 ( 49%)
.............................................................  854 / 1605 ( 53%)
{"message":"Error updating settings batch: DB error","context":{"exception":"DB error"},"level":400,"level_name":"ERROR","channel":"app","datetime":"2026-04-22T14:37:40.070896+02:00","extra":{}}
.............................................................  915 / 1605 ( 57%)
...............[33;1mN[0m.............................................  976 / 1605 ( 60%)
............................................................. 1037 / 1605 ( 64%)
.........[33;1mD[0m[33;1mN[0m[33;1mN[0m[33;1mN[0m[33;1mN[0m[33;1mN[0m[33;1mN[0m[33;1mD[0m[33;1mN[0m[33;1mN[0m[33;1mN[0m[33;1mN[0m[33;1mN[0m[33;1mN[0m[33;1mN[0m[33;1mN[0m.................................... 1098 / 1605 ( 68%)
.............{"message":"[DB] Slow query","context":{"sql":"UPDATE users SET password = :password, updated_at = :updated_at WHERE id = :id","params_count":3,"duration_ms":148.91},"level":300,"level_name":"WARNING","channel":"db","datetime":"2026-04-22T14:37:41.550535+02:00","extra":{}}
..........{"message":"[AdminActivityService] Database check failed: Connection refused","context":{"exception":"Connection refused"},"level":400,"level_name":"ERROR","channel":"app","datetime":"2026-04-22T14:37:41.563829+02:00","extra":{}}
..{"message":"[AdminActivityService] getRecentReservations ERROR: DB error","context":{"exception":"DB error"},"level":400,"level_name":"ERROR","channel":"app","datetime":"2026-04-22T14:37:41.565486+02:00","extra":{}}
......{"message":"[AdminStatisticsService] Error calculating trends: DB error","context":{"exception":"DB error"},"level":400,"level_name":"ERROR","channel":"app","datetime":"2026-04-22T14:37:41.571256+02:00","extra":{}}
.............................. 1159 / 1605 ( 72%)
............................................................. 1220 / 1605 ( 76%)
....{"message":"[ClimaContexto] WeatherService no disponible, usando datos por defecto","context":{"error":"Network error"},"level":300,"level_name":"WARNING","channel":"app","datetime":"2026-04-22T14:37:41.629139+02:00","extra":{}}
......{"message":"[ClimaContexto] Respuesta de WeatherService sin datos actuales, usando por defecto","context":{},"level":300,"level_name":"WARNING","channel":"app","datetime":"2026-04-22T14:37:41.630288+02:00","extra":{}}
.....{"message":"[Queue] Job a├▒adido a la cola","context":{"job":"App\\Jobs\\SendEmailJob","queue":"default","delay":null},"level":200,"level_name":"INFO","channel":"app","datetime":"2026-04-22T14:37:41.638316+02:00","extra":{}}
{"message":"Email gen├®rico encolado","context":{"to":"test@example.com","subject":"Asunto"},"level":200,"level_name":"INFO","channel":"app","datetime":"2026-04-22T14:37:41.638353+02:00","extra":{}}
.{"message":"[Queue] Job a├▒adido a la cola","context":{"job":"App\\Jobs\\SendEmailJob","queue":"default","delay":null},"level":200,"level_name":"INFO","channel":"app","datetime":"2026-04-22T14:37:41.638677+02:00","extra":{}}
{"message":"Email de verificaci├│n encolado","context":{"email":"test@example.com"},"level":200,"level_name":"INFO","channel":"app","datetime":"2026-04-22T14:37:41.638709+02:00","extra":{}}
.{"message":"[Queue] Job a├▒adido a la cola","context":{"job":"App\\Jobs\\SendEmailJob","queue":"default","delay":null},"level":200,"level_name":"INFO","channel":"app","datetime":"2026-04-22T14:37:41.638975+02:00","extra":{}}
{"message":"Email de password reset encolado","context":{"email":"reset@example.com"},"level":200,"level_name":"INFO","channel":"app","datetime":"2026-04-22T14:37:41.638998+02:00","extra":{}}
.{"message":"[Queue] Job a├▒adido a la cola","context":{"job":"App\\Jobs\\SendEmailJob","queue":"default","delay":null},"level":200,"level_name":"INFO","channel":"app","datetime":"2026-04-22T14:37:41.639267+02:00","extra":{}}
{"message":"Email de confirmaci├│n de reserva encolado","context":{"email":"user@example.com","reservation_id":"unknown","has_pdf":false},"level":200,"level_name":"INFO","channel":"app","datetime":"2026-04-22T14:37:41.639294+02:00","extra":{}}
.{"message":"[Queue] Job a├▒adido a la cola","context":{"job":"App\\Jobs\\SendEmailJob","queue":"default","delay":null},"level":200,"level_name":"INFO","channel":"app","datetime":"2026-04-22T14:37:41.639559+02:00","extra":{}}
{"message":"Email de confirmaci├│n de reserva encolado","context":{"email":"user@example.com","reservation_id":"unknown","has_pdf":false},"level":200,"level_name":"INFO","channel":"app","datetime":"2026-04-22T14:37:41.639583+02:00","extra":{}}
.......................................... 1281 / 1605 ( 79%)
...........................[33;1mN[0m..[33;1mN[0m.............................{"message":"[Queue] Job a├▒adido a la cola","context":{"job":"App\\Jobs\\SendEmailJob","queue":"default","delay":null},"level":200,"level_name":"INFO","channel":"app","datetime":"2026-04-22T14:37:41.773584+02:00","extra":{}}
{"message":"Email de bienvenida newsletter encolado","context":{"email":"user@example.com"},"level":200,"level_name":"INFO","channel":"app","datetime":"2026-04-22T14:37:41.773619+02:00","extra":{}}
. 1342 / 1605 ( 83%)
..................................{"message":"Rese├▒a aprobada","context":{"review_id":1,"cafe_id":2,"action":"approve"},"level":200,"level_name":"INFO","channel":"app","datetime":"2026-04-22T14:37:41.802769+02:00","extra":{}}
....{"message":"Rese├▒a rechazada","context":{"review_id":1,"action":"reject","reason_length":47},"level":200,"level_name":"INFO","channel":"app","datetime":"2026-04-22T14:37:41.803531+02:00","extra":{}}
..................{"message":"[ReviewService] Rese├▒a eliminada por admin","context":{"review_id":1},"level":200,"level_name":"INFO","channel":"app","datetime":"2026-04-22T14:37:41.811382+02:00","extra":{}}
..... 1403 / 1605 ( 87%)
.........{"message":"[StaffShiftService] Turno asignado","context":{"shift_id":10,"user_id":1,"cafe_id":1,"date":"2025-12-01"},"level":200,"level_name":"INFO","channel":"app","datetime":"2026-04-22T14:37:41.829923+02:00","extra":{}}
......{"message":"[TelegramService] Bot token or chat ID not configured, skipping notification","context":{},"level":300,"level_name":"WARNING","channel":"app","datetime":"2026-04-22T14:37:41.836783+02:00","extra":{}}
.{"message":"[TelegramService] Bot token or chat ID not configured, skipping notification","context":{},"level":300,"level_name":"WARNING","channel":"app","datetime":"2026-04-22T14:37:41.836955+02:00","extra":{}}
............................................. 1464 / 1605 ( 91%)
........{"message":"[Session::setUser] Datos de sesi├│n establecidos para user_id: 100090","context":{},"level":200,"level_name":"INFO","channel":"app","datetime":"2026-04-22T14:37:42.721862+02:00","extra":{}}
..{"message":"[Session::setUser] Datos de sesi├│n establecidos para user_id: 77777","context":{},"level":200,"level_name":"INFO","channel":"app","datetime":"2026-04-22T14:37:43.203539+02:00","extra":{}}
...{"message":"[Session::setUser] Datos de sesi├│n establecidos para user_id: 100091","context":{},"level":200,"level_name":"INFO","channel":"app","datetime":"2026-04-22T14:37:43.959473+02:00","extra":{}}
................................................ 1525 / 1605 ( 95%)
.............{"message":"[Queue] Cola limpiada","context":{"queue":"default"},"level":300,"level_name":"WARNING","channel":"app","datetime":"2026-04-22T14:37:44.199664+02:00","extra":{}}
{"message":"[Queue] Job a├▒adido a la cola","context":{"job":"App\\Jobs\\SendEmailJob","queue":"default","delay":null},"level":200,"level_name":"INFO","channel":"app","datetime":"2026-04-22T14:37:44.199854+02:00","extra":{}}
{"message":"Email de verificaci├│n encolado","context":{"email":"user@example.com"},"level":200,"level_name":"INFO","channel":"app","datetime":"2026-04-22T14:37:44.199882+02:00","extra":{}}
{"message":"[Queue] Cola limpiada","context":{"queue":"default"},"level":300,"level_name":"WARNING","channel":"app","datetime":"2026-04-22T14:37:44.200133+02:00","extra":{}}
.{"message":"[Queue] Cola limpiada","context":{"queue":"default"},"level":300,"level_name":"WARNING","channel":"app","datetime":"2026-04-22T14:37:44.200694+02:00","extra":{}}
{"message":"[Queue] Job a├▒adido a la cola","context":{"job":"App\\Jobs\\SendEmailJob","queue":"default","delay":null},"level":200,"level_name":"INFO","channel":"app","datetime":"2026-04-22T14:37:44.201016+02:00","extra":{}}
{"message":"Email de confirmaci├│n de reserva encolado","context":{"email":"customer@example.com","reservation_id":"unknown","has_pdf":false},"level":200,"level_name":"INFO","channel":"app","datetime":"2026-04-22T14:37:44.201047+02:00","extra":{}}
{"message":"[Queue] Cola limpiada","context":{"queue":"default"},"level":300,"level_name":"WARNING","channel":"app","datetime":"2026-04-22T14:37:44.201299+02:00","extra":{}}
.{"message":"[Queue] Cola limpiada","context":{"queue":"default"},"level":300,"level_name":"WARNING","channel":"app","datetime":"2026-04-22T14:37:44.201830+02:00","extra":{}}
{"message":"[Queue] Job a├▒adido a la cola","context":{"job":"App\\Jobs\\SendEmailJob","queue":"default","delay":null},"level":200,"level_name":"INFO","channel":"app","datetime":"2026-04-22T14:37:44.202009+02:00","extra":{}}
{"message":"Email gen├®rico encolado","context":{"to":"admin@example.com","subject":"Test Email"},"level":200,"level_name":"INFO","channel":"app","datetime":"2026-04-22T14:37:44.202040+02:00","extra":{}}
{"message":"[Queue] Cola limpiada","context":{"queue":"default"},"level":300,"level_name":"WARNING","channel":"app","datetime":"2026-04-22T14:37:44.202289+02:00","extra":{}}
.{"message":"[Queue] Cola limpiada","context":{"queue":"default"},"level":300,"level_name":"WARNING","channel":"app","datetime":"2026-04-22T14:37:44.202840+02:00","extra":{}}
{"message":"[Queue] Job a├▒adido a la cola","context":{"job":"App\\Jobs\\SendEmailJob","queue":"default","delay":null},"level":200,"level_name":"INFO","channel":"app","datetime":"2026-04-22T14:37:44.203047+02:00","extra":{}}
{"message":"Email de waitlist encolado","context":{"email":"waitlist@example.com"},"level":200,"level_name":"INFO","channel":"app","datetime":"2026-04-22T14:37:44.203075+02:00","extra":{}}
{"message":"[Queue] Cola limpiada","context":{"queue":"default"},"level":300,"level_name":"WARNING","channel":"app","datetime":"2026-04-22T14:37:44.203379+02:00","extra":{}}
.{"message":"[Queue] Cola limpiada","context":{"queue":"default"},"level":300,"level_name":"WARNING","channel":"app","datetime":"2026-04-22T14:37:44.203800+02:00","extra":{}}
{"message":"[Queue] Job a├▒adido a la cola","context":{"job":"App\\Jobs\\SendEmailJob","queue":"default","delay":null},"level":200,"level_name":"INFO","channel":"app","datetime":"2026-04-22T14:37:44.204014+02:00","extra":{}}
{"message":"Email de password reset encolado","context":{"email":"forgot@example.com"},"level":200,"level_name":"INFO","channel":"app","datetime":"2026-04-22T14:37:44.204040+02:00","extra":{}}
{"message":"[Queue] Cola limpiada","context":{"queue":"default"},"level":300,"level_name":"WARNING","channel":"app","datetime":"2026-04-22T14:37:44.204281+02:00","extra":{}}
.{"message":"[Queue] Cola limpiada","context":{"queue":"default"},"level":300,"level_name":"WARNING","channel":"app","datetime":"2026-04-22T14:37:44.204706+02:00","extra":{}}
{"message":"[Queue] Job a├▒adido a la cola","context":{"job":"App\\Jobs\\SendEmailJob","queue":"default","delay":null},"level":200,"level_name":"INFO","channel":"app","datetime":"2026-04-22T14:37:44.204887+02:00","extra":{}}
{"message":"Email de cancelaci├│n de reserva encolado","context":{"email":"cancel@example.com","reservation_id":"unknown"},"level":200,"level_name":"INFO","channel":"app","datetime":"2026-04-22T14:37:44.204955+02:00","extra":{}}
{"message":"[Queue] Cola limpiada","context":{"queue":"default"},"level":300,"level_name":"WARNING","channel":"app","datetime":"2026-04-22T14:37:44.205285+02:00","extra":{}}
........................................... 1586 / 1605 ( 98%)
..{"message":"Error al enviar email de confirmaci├│n con factura: Entry \"App\\Services\\Contracts\\UserProfileServiceInterface\" cannot be resolved: the class is not instantiable\nFull definition:\nObject (\n    class = #NOT INSTANTIABLE# App\\Services\\Contracts\\UserProfileServiceInterface\n    lazy = false\n) | File: /app/vendor/php-di/php-di/src/Definition/Exception/InvalidDefinition.php:19","context":{"reservation_id":100258,"user_id":99999,"error":"Entry \"App\\Services\\Contracts\\UserProfileServiceInterface\" cannot be resolved: the class is not instantiable\nFull definition:\nObject (\n    class = #NOT INSTANTIABLE# App\\Services\\Contracts\\UserProfileServiceInterface\n    lazy = false\n)","trace":"#0 /app/vendor/php-di/php-di/src/Definition/Resolver/ObjectCreator.php(105): DI\\Definition\\Exception\\InvalidDefinition::create(Object(DI\\Definition\\ObjectDefinition), 'Entry \"App\\\\Serv...')\n#1 /app/vendor/php-di/php-di/src/Definition/Resolver/ObjectCreator.php(55): DI\\Definition\\Resolver\\ObjectCreator->createInstance(Object(DI\\Definition\\ObjectDefinition), Array)\n#2 /app/vendor/php-di/php-di/src/Definition/Resolver/ResolverDispatcher.php(62): DI\\Definition\\Resolver\\ObjectCreator->resolve(Object(DI\\Definition\\ObjectDefinition), Array)\n#3 /app/vendor/php-di/php-di/src/Container.php(360): DI\\Definition\\Resolver\\ResolverDispatcher->resolve(Object(DI\\Definition\\ObjectDefinition), Array)\n#4 /app/vendor/php-di/php-di/src/Container.php(142): DI\\Container->resolveDefinition(Object(DI\\Definition\\ObjectDefinition))\n#5 /app/app/Core/Container.php(133): DI\\Container->get('App\\\\Services\\\\Co...')\n#6 /app/app/Core/Container.php(109): App\\Core\\Container->get('App\\\\Services\\\\Co...')\n#7 /app/app/Services/ReservationService.php(529): App\\Core\\Container::make('App\\\\Services\\\\Co...')\n#8 /app/app/Services/ReservationService.php(169): App\\Services\\ReservationService->sendReservationConfirmationWithInvoice(100258, 99999)\n#9 /app/app/Core/Database.php(124): App\\Services\\ReservationService->{closure:App\\Services\\ReservationService::create():134}()\n#10 /app/app/Services/ReservationService.php(134): App\\Core\\Database::transaction(Object(Closure))\n#11 /app/tests/Integration/ReservationIntegrationTest.php(144): App\\Services\\ReservationService->create(Array)\n#12 /app/vendor/phpunit/phpunit/src/Framework/TestCase.php(1315): Tests\\Integration\\ReservationIntegrationTest->testCreateReservationInsertsIntoDatabaseCorrectly()\n#13 /app/vendor/phpunit/phpunit/src/Framework/TestCase.php(1349): PHPUnit\\Framework\\TestCase->invokeTestMethod('testCreateReser...', Array)\n#14 /app/vendor/phpunit/phpunit/src/Framework/TestCase.php(519): PHPUnit\\Framework\\TestCase->runTest()\n#15 /app/vendor/phpunit/phpunit/src/Framework/TestRunner/TestRunner.php(99): PHPUnit\\Framework\\TestCase->runBare()\n#16 /app/vendor/phpunit/phpunit/src/Framework/TestCase.php(360): PHPUnit\\Framework\\TestRunner->run(Object(Tests\\Integration\\ReservationIntegrationTest))\n#17 /app/vendor/phpunit/phpunit/src/Framework/TestSuite.php(375): PHPUnit\\Framework\\TestCase->run()\n#18 /app/vendor/phpunit/phpunit/src/Framework/TestSuite.php(375): PHPUnit\\Framework\\TestSuite->run()\n#19 /app/vendor/phpunit/phpunit/src/Framework/TestSuite.php(375): PHPUnit\\Framework\\TestSuite->run()\n#20 /app/vendor/phpunit/phpunit/src/TextUI/TestRunner.php(64): PHPUnit\\Framework\\TestSuite->run()\n#21 /app/vendor/phpunit/phpunit/src/TextUI/Application.php(234): PHPUnit\\TextUI\\TestRunner->run(Object(PHPUnit\\TextUI\\Configuration\\Configuration), Object(PHPUnit\\Runner\\ResultCache\\DefaultResultCache), Object(PHPUnit\\Framework\\TestSuite))\n#22 /app/vendor/phpunit/phpunit/phpunit(104): PHPUnit\\TextUI\\Application->run(Array)\n#23 /app/vendor/bin/phpunit(122): include('/app/vendor/php...')\n#24 {main}"},"level":400,"level_name":"ERROR","channel":"app","datetime":"2026-04-22T14:37:44.836660+02:00","extra":{}}
.{"message":"Error al enviar email de confirmaci├│n con factura: Entry \"App\\Services\\Contracts\\UserProfileServiceInterface\" cannot be resolved: the class is not instantiable\nFull definition:\nObject (\n    class = #NOT INSTANTIABLE# App\\Services\\Contracts\\UserProfileServiceInterface\n    lazy = false\n) | File: /app/vendor/php-di/php-di/src/Definition/Exception/InvalidDefinition.php:19","context":{"reservation_id":100259,"user_id":99999,"error":"Entry \"App\\Services\\Contracts\\UserProfileServiceInterface\" cannot be resolved: the class is not instantiable\nFull definition:\nObject (\n    class = #NOT INSTANTIABLE# App\\Services\\Contracts\\UserProfileServiceInterface\n    lazy = false\n)","trace":"#0 /app/vendor/php-di/php-di/src/Definition/Resolver/ObjectCreator.php(105): DI\\Definition\\Exception\\InvalidDefinition::create(Object(DI\\Definition\\ObjectDefinition), 'Entry \"App\\\\Serv...')\n#1 /app/vendor/php-di/php-di/src/Definition/Resolver/ObjectCreator.php(55): DI\\Definition\\Resolver\\ObjectCreator->createInstance(Object(DI\\Definition\\ObjectDefinition), Array)\n#2 /app/vendor/php-di/php-di/src/Definition/Resolver/ResolverDispatcher.php(62): DI\\Definition\\Resolver\\ObjectCreator->resolve(Object(DI\\Definition\\ObjectDefinition), Array)\n#3 /app/vendor/php-di/php-di/src/Container.php(360): DI\\Definition\\Resolver\\ResolverDispatcher->resolve(Object(DI\\Definition\\ObjectDefinition), Array)\n#4 /app/vendor/php-di/php-di/src/Container.php(142): DI\\Container->resolveDefinition(Object(DI\\Definition\\ObjectDefinition))\n#5 /app/app/Core/Container.php(133): DI\\Container->get('App\\\\Services\\\\Co...')\n#6 /app/app/Core/Container.php(109): App\\Core\\Container->get('App\\\\Services\\\\Co...')\n#7 /app/app/Services/ReservationService.php(529): App\\Core\\Container::make('App\\\\Services\\\\Co...')\n#8 /app/app/Services/ReservationService.php(169): App\\Services\\ReservationService->sendReservationConfirmationWithInvoice(100259, 99999)\n#9 /app/app/Core/Database.php(124): App\\Services\\ReservationService->{closure:App\\Services\\ReservationService::create():134}()\n#10 /app/app/Services/ReservationService.php(134): App\\Core\\Database::transaction(Object(Closure))\n#11 /app/tests/Integration/ReservationIntegrationTest.php(186): App\\Services\\ReservationService->create(Array)\n#12 /app/vendor/phpunit/phpunit/src/Framework/TestCase.php(1315): Tests\\Integration\\ReservationIntegrationTest->testCreateReservationWithNullComments()\n#13 /app/vendor/phpunit/phpunit/src/Framework/TestCase.php(1349): PHPUnit\\Framework\\TestCase->invokeTestMethod('testCreateReser...', Array)\n#14 /app/vendor/phpunit/phpunit/src/Framework/TestCase.php(519): PHPUnit\\Framework\\TestCase->runTest()\n#15 /app/vendor/phpunit/phpunit/src/Framework/TestRunner/TestRunner.php(99): PHPUnit\\Framework\\TestCase->runBare()\n#16 /app/vendor/phpunit/phpunit/src/Framework/TestCase.php(360): PHPUnit\\Framework\\TestRunner->run(Object(Tests\\Integration\\ReservationIntegrationTest))\n#17 /app/vendor/phpunit/phpunit/src/Framework/TestSuite.php(375): PHPUnit\\Framework\\TestCase->run()\n#18 /app/vendor/phpunit/phpunit/src/Framework/TestSuite.php(375): PHPUnit\\Framework\\TestSuite->run()\n#19 /app/vendor/phpunit/phpunit/src/Framework/TestSuite.php(375): PHPUnit\\Framework\\TestSuite->run()\n#20 /app/vendor/phpunit/phpunit/src/TextUI/TestRunner.php(64): PHPUnit\\Framework\\TestSuite->run()\n#21 /app/vendor/phpunit/phpunit/src/TextUI/Application.php(234): PHPUnit\\TextUI\\TestRunner->run(Object(PHPUnit\\TextUI\\Configuration\\Configuration), Object(PHPUnit\\Runner\\ResultCache\\DefaultResultCache), Object(PHPUnit\\Framework\\TestSuite))\n#22 /app/vendor/phpunit/phpunit/phpunit(104): PHPUnit\\TextUI\\Application->run(Array)\n#23 /app/vendor/bin/phpunit(122): include('/app/vendor/php...')\n#24 {main}"},"level":400,"level_name":"ERROR","channel":"app","datetime":"2026-04-22T14:37:44.839773+02:00","extra":{}}
.{"message":"Error al enviar email de confirmaci├│n con factura: Entry \"App\\Services\\Contracts\\UserProfileServiceInterface\" cannot be resolved: the class is not instantiable\nFull definition:\nObject (\n    class = #NOT INSTANTIABLE# App\\Services\\Contracts\\UserProfileServiceInterface\n    lazy = false\n) | File: /app/vendor/php-di/php-di/src/Definition/Exception/InvalidDefinition.php:19","context":{"reservation_id":100260,"user_id":99999,"error":"Entry \"App\\Services\\Contracts\\UserProfileServiceInterface\" cannot be resolved: the class is not instantiable\nFull definition:\nObject (\n    class = #NOT INSTANTIABLE# App\\Services\\Contracts\\UserProfileServiceInterface\n    lazy = false\n)","trace":"#0 /app/vendor/php-di/php-di/src/Definition/Resolver/ObjectCreator.php(105): DI\\Definition\\Exception\\InvalidDefinition::create(Object(DI\\Definition\\ObjectDefinition), 'Entry \"App\\\\Serv...')\n#1 /app/vendor/php-di/php-di/src/Definition/Resolver/ObjectCreator.php(55): DI\\Definition\\Resolver\\ObjectCreator->createInstance(Object(DI\\Definition\\ObjectDefinition), Array)\n#2 /app/vendor/php-di/php-di/src/Definition/Resolver/ResolverDispatcher.php(62): DI\\Definition\\Resolver\\ObjectCreator->resolve(Object(DI\\Definition\\ObjectDefinition), Array)\n#3 /app/vendor/php-di/php-di/src/Container.php(360): DI\\Definition\\Resolver\\ResolverDispatcher->resolve(Object(DI\\Definition\\ObjectDefinition), Array)\n#4 /app/vendor/php-di/php-di/src/Container.php(142): DI\\Container->resolveDefinition(Object(DI\\Definition\\ObjectDefinition))\n#5 /app/app/Core/Container.php(133): DI\\Container->get('App\\\\Services\\\\Co...')\n#6 /app/app/Core/Container.php(109): App\\Core\\Container->get('App\\\\Services\\\\Co...')\n#7 /app/app/Services/ReservationService.php(529): App\\Core\\Container::make('App\\\\Services\\\\Co...')\n#8 /app/app/Services/ReservationService.php(169): App\\Services\\ReservationService->sendReservationConfirmationWithInvoice(100260, 99999)\n#9 /app/app/Core/Database.php(124): App\\Services\\ReservationService->{closure:App\\Services\\ReservationService::create():134}()\n#10 /app/app/Services/ReservationService.php(134): App\\Core\\Database::transaction(Object(Closure))\n#11 /app/tests/Integration/ReservationIntegrationTest.php(208): App\\Services\\ReservationService->create(Array)\n#12 /app/vendor/phpunit/phpunit/src/Framework/TestCase.php(1315): Tests\\Integration\\ReservationIntegrationTest->testCancelReservationUpdatesStatusInDatabase()\n#13 /app/vendor/phpunit/phpunit/src/Framework/TestCase.php(1349): PHPUnit\\Framework\\TestCase->invokeTestMethod('testCancelReser...', Array)\n#14 /app/vendor/phpunit/phpunit/src/Framework/TestCase.php(519): PHPUnit\\Framework\\TestCase->runTest()\n#15 /app/vendor/phpunit/phpunit/src/Framework/TestRunner/TestRunner.php(99): PHPUnit\\Framework\\TestCase->runBare()\n#16 /app/vendor/phpunit/phpunit/src/Framework/TestCase.php(360): PHPUnit\\Framework\\TestRunner->run(Object(Tests\\Integration\\ReservationIntegrationTest))\n#17 /app/vendor/phpunit/phpunit/src/Framework/TestSuite.php(375): PHPUnit\\Framework\\TestCase->run()\n#18 /app/vendor/phpunit/phpunit/src/Framework/TestSuite.php(375): PHPUnit\\Framework\\TestSuite->run()\n#19 /app/vendor/phpunit/phpunit/src/Framework/TestSuite.php(375): PHPUnit\\Framework\\TestSuite->run()\n#20 /app/vendor/phpunit/phpunit/src/TextUI/TestRunner.php(64): PHPUnit\\Framework\\TestSuite->run()\n#21 /app/vendor/phpunit/phpunit/src/TextUI/Application.php(234): PHPUnit\\TextUI\\TestRunner->run(Object(PHPUnit\\TextUI\\Configuration\\Configuration), Object(PHPUnit\\Runner\\ResultCache\\DefaultResultCache), Object(PHPUnit\\Framework\\TestSuite))\n#22 /app/vendor/phpunit/phpunit/phpunit(104): PHPUnit\\TextUI\\Application->run(Array)\n#23 /app/vendor/bin/phpunit(122): include('/app/vendor/php...')\n#24 {main}"},"level":400,"level_name":"ERROR","channel":"app","datetime":"2026-04-22T14:37:44.842715+02:00","extra":{}}
.{"message":"Error al enviar email de confirmaci├│n con factura: Entry \"App\\Services\\Contracts\\UserProfileServiceInterface\" cannot be resolved: the class is not instantiable\nFull definition:\nObject (\n    class = #NOT INSTANTIABLE# App\\Services\\Contracts\\UserProfileServiceInterface\n    lazy = false\n) | File: /app/vendor/php-di/php-di/src/Definition/Exception/InvalidDefinition.php:19","context":{"reservation_id":100261,"user_id":99999,"error":"Entry \"App\\Services\\Contracts\\UserProfileServiceInterface\" cannot be resolved: the class is not instantiable\nFull definition:\nObject (\n    class = #NOT INSTANTIABLE# App\\Services\\Contracts\\UserProfileServiceInterface\n    lazy = false\n)","trace":"#0 /app/vendor/php-di/php-di/src/Definition/Resolver/ObjectCreator.php(105): DI\\Definition\\Exception\\InvalidDefinition::create(Object(DI\\Definition\\ObjectDefinition), 'Entry \"App\\\\Serv...')\n#1 /app/vendor/php-di/php-di/src/Definition/Resolver/ObjectCreator.php(55): DI\\Definition\\Resolver\\ObjectCreator->createInstance(Object(DI\\Definition\\ObjectDefinition), Array)\n#2 /app/vendor/php-di/php-di/src/Definition/Resolver/ResolverDispatcher.php(62): DI\\Definition\\Resolver\\ObjectCreator->resolve(Object(DI\\Definition\\ObjectDefinition), Array)\n#3 /app/vendor/php-di/php-di/src/Container.php(360): DI\\Definition\\Resolver\\ResolverDispatcher->resolve(Object(DI\\Definition\\ObjectDefinition), Array)\n#4 /app/vendor/php-di/php-di/src/Container.php(142): DI\\Container->resolveDefinition(Object(DI\\Definition\\ObjectDefinition))\n#5 /app/app/Core/Container.php(133): DI\\Container->get('App\\\\Services\\\\Co...')\n#6 /app/app/Core/Container.php(109): App\\Core\\Container->get('App\\\\Services\\\\Co...')\n#7 /app/app/Services/ReservationService.php(529): App\\Core\\Container::make('App\\\\Services\\\\Co...')\n#8 /app/app/Services/ReservationService.php(169): App\\Services\\ReservationService->sendReservationConfirmationWithInvoice(100261, 99999)\n#9 /app/app/Core/Database.php(124): App\\Services\\ReservationService->{closure:App\\Services\\ReservationService::create():134}()\n#10 /app/app/Services/ReservationService.php(134): App\\Core\\Database::transaction(Object(Closure))\n#11 /app/tests/Integration/ReservationIntegrationTest.php(235): App\\Services\\ReservationService->create(Array)\n#12 /app/vendor/phpunit/phpunit/src/Framework/TestCase.php(1315): Tests\\Integration\\ReservationIntegrationTest->testCancelReservationFailsForWrongUser()\n#13 /app/vendor/phpunit/phpunit/src/Framework/TestCase.php(1349): PHPUnit\\Framework\\TestCase->invokeTestMethod('testCancelReser...', Array)\n#14 /app/vendor/phpunit/phpunit/src/Framework/TestCase.php(519): PHPUnit\\Framework\\TestCase->runTest()\n#15 /app/vendor/phpunit/phpunit/src/Framework/TestRunner/TestRunner.php(99): PHPUnit\\Framework\\TestCase->runBare()\n#16 /app/vendor/phpunit/phpunit/src/Framework/TestCase.php(360): PHPUnit\\Framework\\TestRunner->run(Object(Tests\\Integration\\ReservationIntegrationTest))\n#17 /app/vendor/phpunit/phpunit/src/Framework/TestSuite.php(375): PHPUnit\\Framework\\TestCase->run()\n#18 /app/vendor/phpunit/phpunit/src/Framework/TestSuite.php(375): PHPUnit\\Framework\\TestSuite->run()\n#19 /app/vendor/phpunit/phpunit/src/Framework/TestSuite.php(375): PHPUnit\\Framework\\TestSuite->run()\n#20 /app/vendor/phpunit/phpunit/src/TextUI/TestRunner.php(64): PHPUnit\\Framework\\TestSuite->run()\n#21 /app/vendor/phpunit/phpunit/src/TextUI/Application.php(234): PHPUnit\\TextUI\\TestRunner->run(Object(PHPUnit\\TextUI\\Configuration\\Configuration), Object(PHPUnit\\Runner\\ResultCache\\DefaultResultCache), Object(PHPUnit\\Framework\\TestSuite))\n#22 /app/vendor/phpunit/phpunit/phpunit(104): PHPUnit\\TextUI\\Application->run(Array)\n#23 /app/vendor/bin/phpunit(122): include('/app/vendor/php...')\n#24 {main}"},"level":400,"level_name":"ERROR","channel":"app","datetime":"2026-04-22T14:37:44.846452+02:00","extra":{}}
{"message":"Failed to cancel reservation","context":{"reservation_id":100261,"user_id":88888},"level":300,"level_name":"WARNING","channel":"app","datetime":"2026-04-22T14:37:44.846775+02:00","extra":{}}
.{"message":"Error al enviar email de confirmaci├│n con factura: Entry \"App\\Services\\Contracts\\UserProfileServiceInterface\" cannot be resolved: the class is not instantiable\nFull definition:\nObject (\n    class = #NOT INSTANTIABLE# App\\Services\\Contracts\\UserProfileServiceInterface\n    lazy = false\n) | File: /app/vendor/php-di/php-di/src/Definition/Exception/InvalidDefinition.php:19","context":{"reservation_id":100262,"user_id":99999,"error":"Entry \"App\\Services\\Contracts\\UserProfileServiceInterface\" cannot be resolved: the class is not instantiable\nFull definition:\nObject (\n    class = #NOT INSTANTIABLE# App\\Services\\Contracts\\UserProfileServiceInterface\n    lazy = false\n)","trace":"#0 /app/vendor/php-di/php-di/src/Definition/Resolver/ObjectCreator.php(105): DI\\Definition\\Exception\\InvalidDefinition::create(Object(DI\\Definition\\ObjectDefinition), 'Entry \"App\\\\Serv...')\n#1 /app/vendor/php-di/php-di/src/Definition/Resolver/ObjectCreator.php(55): DI\\Definition\\Resolver\\ObjectCreator->createInstance(Object(DI\\Definition\\ObjectDefinition), Array)\n#2 /app/vendor/php-di/php-di/src/Definition/Resolver/ResolverDispatcher.php(62): DI\\Definition\\Resolver\\ObjectCreator->resolve(Object(DI\\Definition\\ObjectDefinition), Array)\n#3 /app/vendor/php-di/php-di/src/Container.php(360): DI\\Definition\\Resolver\\ResolverDispatcher->resolve(Object(DI\\Definition\\ObjectDefinition), Array)\n#4 /app/vendor/php-di/php-di/src/Container.php(142): DI\\Container->resolveDefinition(Object(DI\\Definition\\ObjectDefinition))\n#5 /app/app/Core/Container.php(133): DI\\Container->get('App\\\\Services\\\\Co...')\n#6 /app/app/Core/Container.php(109): App\\Core\\Container->get('App\\\\Services\\\\Co...')\n#7 /app/app/Services/ReservationService.php(529): App\\Core\\Container::make('App\\\\Services\\\\Co...')\n#8 /app/app/Services/ReservationService.php(169): App\\Services\\ReservationService->sendReservationConfirmationWithInvoice(100262, 99999)\n#9 /app/app/Core/Database.php(124): App\\Services\\ReservationService->{closure:App\\Services\\ReservationService::create():134}()\n#10 /app/app/Services/ReservationService.php(134): App\\Core\\Database::transaction(Object(Closure))\n#11 /app/tests/Integration/ReservationIntegrationTest.php(262): App\\Services\\ReservationService->create(Array)\n#12 /app/vendor/phpunit/phpunit/src/Framework/TestCase.php(1315): Tests\\Integration\\ReservationIntegrationTest->testGetByUserReturnsUserReservationsWithJoins()\n#13 /app/vendor/phpunit/phpunit/src/Framework/TestCase.php(1349): PHPUnit\\Framework\\TestCase->invokeTestMethod('testGetByUserRe...', Array)\n#14 /app/vendor/phpunit/phpunit/src/Framework/TestCase.php(519): PHPUnit\\Framework\\TestCase->runTest()\n#15 /app/vendor/phpunit/phpunit/src/Framework/TestRunner/TestRunner.php(99): PHPUnit\\Framework\\TestCase->runBare()\n#16 /app/vendor/phpunit/phpunit/src/Framework/TestCase.php(360): PHPUnit\\Framework\\TestRunner->run(Object(Tests\\Integration\\ReservationIntegrationTest))\n#17 /app/vendor/phpunit/phpunit/src/Framework/TestSuite.php(375): PHPUnit\\Framework\\TestCase->run()\n#18 /app/vendor/phpunit/phpunit/src/Framework/TestSuite.php(375): PHPUnit\\Framework\\TestSuite->run()\n#19 /app/vendor/phpunit/phpunit/src/Framework/TestSuite.php(375): PHPUnit\\Framework\\TestSuite->run()\n#20 /app/vendor/phpunit/phpunit/src/TextUI/TestRunner.php(64): PHPUnit\\Framework\\TestSuite->run()\n#21 /app/vendor/phpunit/phpunit/src/TextUI/Application.php(234): PHPUnit\\TextUI\\TestRunner->run(Object(PHPUnit\\TextUI\\Configuration\\Configuration), Object(PHPUnit\\Runner\\ResultCache\\DefaultResultCache), Object(PHPUnit\\Framework\\TestSuite))\n#22 /app/vendor/phpunit/phpunit/phpunit(104): PHPUnit\\TextUI\\Application->run(Array)\n#23 /app/vendor/bin/phpunit(122): include('/app/vendor/php...')\n#24 {main}"},"level":400,"level_name":"ERROR","channel":"app","datetime":"2026-04-22T14:37:44.849802+02:00","extra":{}}
{"message":"Error al enviar email de confirmaci├│n con factura: Entry \"App\\Services\\Contracts\\UserProfileServiceInterface\" cannot be resolved: the class is not instantiable\nFull definition:\nObject (\n    class = #NOT INSTANTIABLE# App\\Services\\Contracts\\UserProfileServiceInterface\n    lazy = false\n) | File: /app/vendor/php-di/php-di/src/Definition/Exception/InvalidDefinition.php:19","context":{"reservation_id":100263,"user_id":99999,"error":"Entry \"App\\Services\\Contracts\\UserProfileServiceInterface\" cannot be resolved: the class is not instantiable\nFull definition:\nObject (\n    class = #NOT INSTANTIABLE# App\\Services\\Contracts\\UserProfileServiceInterface\n    lazy = false\n)","trace":"#0 /app/vendor/php-di/php-di/src/Definition/Resolver/ObjectCreator.php(105): DI\\Definition\\Exception\\InvalidDefinition::create(Object(DI\\Definition\\ObjectDefinition), 'Entry \"App\\\\Serv...')\n#1 /app/vendor/php-di/php-di/src/Definition/Resolver/ObjectCreator.php(55): DI\\Definition\\Resolver\\ObjectCreator->createInstance(Object(DI\\Definition\\ObjectDefinition), Array)\n#2 /app/vendor/php-di/php-di/src/Definition/Resolver/ResolverDispatcher.php(62): DI\\Definition\\Resolver\\ObjectCreator->resolve(Object(DI\\Definition\\ObjectDefinition), Array)\n#3 /app/vendor/php-di/php-di/src/Container.php(360): DI\\Definition\\Resolver\\ResolverDispatcher->resolve(Object(DI\\Definition\\ObjectDefinition), Array)\n#4 /app/vendor/php-di/php-di/src/Container.php(142): DI\\Container->resolveDefinition(Object(DI\\Definition\\ObjectDefinition))\n#5 /app/app/Core/Container.php(133): DI\\Container->get('App\\\\Services\\\\Co...')\n#6 /app/app/Core/Container.php(109): App\\Core\\Container->get('App\\\\Services\\\\Co...')\n#7 /app/app/Services/ReservationService.php(529): App\\Core\\Container::make('App\\\\Services\\\\Co...')\n#8 /app/app/Services/ReservationService.php(169): App\\Services\\ReservationService->sendReservationConfirmationWithInvoice(100263, 99999)\n#9 /app/app/Core/Database.php(124): App\\Services\\ReservationService->{closure:App\\Services\\ReservationService::create():134}()\n#10 /app/app/Services/ReservationService.php(134): App\\Core\\Database::transaction(Object(Closure))\n#11 /app/tests/Integration/ReservationIntegrationTest.php(271): App\\Services\\ReservationService->create(Array)\n#12 /app/vendor/phpunit/phpunit/src/Framework/TestCase.php(1315): Tests\\Integration\\ReservationIntegrationTest->testGetByUserReturnsUserReservationsWithJoins()\n#13 /app/vendor/phpunit/phpunit/src/Framework/TestCase.php(1349): PHPUnit\\Framework\\TestCase->invokeTestMethod('testGetByUserRe...', Array)\n#14 /app/vendor/phpunit/phpunit/src/Framework/TestCase.php(519): PHPUnit\\Framework\\TestCase->runTest()\n#15 /app/vendor/phpunit/phpunit/src/Framework/TestRunner/TestRunner.php(99): PHPUnit\\Framework\\TestCase->runBare()\n#16 /app/vendor/phpunit/phpunit/src/Framework/TestCase.php(360): PHPUnit\\Framework\\TestRunner->run(Object(Tests\\Integration\\ReservationIntegrationTest))\n#17 /app/vendor/phpunit/phpunit/src/Framework/TestSuite.php(375): PHPUnit\\Framework\\TestCase->run()\n#18 /app/vendor/phpunit/phpunit/src/Framework/TestSuite.php(375): PHPUnit\\Framework\\TestSuite->run()\n#19 /app/vendor/phpunit/phpunit/src/Framework/TestSuite.php(375): PHPUnit\\Framework\\TestSuite->run()\n#20 /app/vendor/phpunit/phpunit/src/TextUI/TestRunner.php(64): PHPUnit\\Framework\\TestSuite->run()\n#21 /app/vendor/phpunit/phpunit/src/TextUI/Application.php(234): PHPUnit\\TextUI\\TestRunner->run(Object(PHPUnit\\TextUI\\Configuration\\Configuration), Object(PHPUnit\\Runner\\ResultCache\\DefaultResultCache), Object(PHPUnit\\Framework\\TestSuite))\n#22 /app/vendor/phpunit/phpunit/phpunit(104): PHPUnit\\TextUI\\Application->run(Array)\n#23 /app/vendor/bin/phpunit(122): include('/app/vendor/php...')\n#24 {main}"},"level":400,"level_name":"ERROR","channel":"app","datetime":"2026-04-22T14:37:44.851587+02:00","extra":{}}
........{"message":"[Queue] Job a├▒adido a la cola","context":{"job":"App\\Jobs\\SendEmailJob","queue":"default","delay":null},"level":200,"level_name":"INFO","channel":"app","datetime":"2026-04-22T14:37:44.887852+02:00","extra":{}}
{"message":"Email de waitlist encolado","context":{"email":"waitlist-test-1@komorebi.test"},"level":200,"level_name":"INFO","channel":"app","datetime":"2026-04-22T14:37:44.887892+02:00","extra":{}}
{"message":"[Queue] Job a├▒adido a la cola","context":{"job":"App\\Jobs\\SendEmailJob","queue":"default","delay":null},"level":200,"level_name":"INFO","channel":"app","datetime":"2026-04-22T14:37:44.889282+02:00","extra":{}}
{"message":"Email de waitlist encolado","context":{"email":"waitlist-test-2@komorebi.test"},"level":200,"level_name":"INFO","channel":"app","datetime":"2026-04-22T14:37:44.889316+02:00","extra":{}}
.{"message":"[Queue] Job a├▒adido a la cola","context":{"job":"App\\Jobs\\SendEmailJob","queue":"default","delay":null},"level":200,"level_name":"INFO","channel":"app","datetime":"2026-04-22T14:37:44.892933+02:00","extra":{}}
{"message":"Email de waitlist encolado","context":{"email":"waitlist-test-1@komorebi.test"},"level":200,"level_name":"INFO","channel":"app","datetime":"2026-04-22T14:37:44.892966+02:00","extra":{}}
{"message":"[Queue] Job a├▒adido a la cola","context":{"job":"App\\Jobs\\WaitlistPromotionJob","queue":"default","delay":null},"level":200,"level_name":"INFO","channel":"app","datetime":"2026-04-22T14:37:44.893690+02:00","extra":{}}
.{"message":"[Queue] Job a├▒adido a la cola","context":{"job":"App\\Jobs\\SendEmailJob","queue":"default","delay":null},"level":200,"level_name":"INFO","channel":"app","datetime":"2026-04-22T14:37:44.897136+02:00","extra":{}}
{"message":"Email de waitlist encolado","context":{"email":"waitlist-test-1@komorebi.test"},"level":200,"level_name":"INFO","channel":"app","datetime":"2026-04-22T14:37:44.897176+02:00","extra":{}}
.{"message":"[Queue] Job a├▒adido a la cola","context":{"job":"App\\Jobs\\SendEmailJob","queue":"default","delay":null},"level":200,"level_name":"INFO","channel":"app","datetime":"2026-04-22T14:37:44.900888+02:00","extra":{}}
{"message":"Email de waitlist encolado","context":{"email":"waitlist-test-1@komorebi.test"},"level":200,"level_name":"INFO","channel":"app","datetime":"2026-04-22T14:37:44.900918+02:00","extra":{}}
{"message":"[Queue] Job a├▒adido a la cola","context":{"job":"App\\Jobs\\SendEmailJob","queue":"default","delay":null},"level":200,"level_name":"INFO","channel":"app","datetime":"2026-04-22T14:37:44.902177+02:00","extra":{}}
{"message":"Email de waitlist encolado","context":{"email":"waitlist-test-2@komorebi.test"},"level":200,"level_name":"INFO","channel":"app","datetime":"2026-04-22T14:37:44.902205+02:00","extra":{}}
{"message":"[Queue] Job a├▒adido a la cola","context":{"job":"App\\Jobs\\SendEmailJob","queue":"default","delay":null},"level":200,"level_name":"INFO","channel":"app","datetime":"2026-04-22T14:37:44.903501+02:00","extra":{}}
{"message":"Email de waitlist encolado","context":{"email":"waitlist-test-3@komorebi.test"},"level":200,"level_name":"INFO","channel":"app","datetime":"2026-04-22T14:37:44.903533+02:00","extra":{}}
..                                           1605 / 1605 (100%)

Time: 00:18.388, Memory: 24.00 MB

[30;43mOK, but there were issues![0m
[30;43mTests: 1605[0m[30;43m, Assertions: 3434[0m[30;43m, Deprecations: 1[0m[30;43m, PHPUnit Deprecations: 2[0m[30;43m, PHPUnit Notices: 19[0m[30;43m.[0m
